

================================================================
== Vivado HLS Report for 'dense_latency_ap_fixed_16_6_5_3_0_ap_fixed_16_6_5_3_0_config11_0_0'
================================================================
* Date:           Wed Apr  5 19:39:57 2023

* Version:        2019.2 (Build 2704478 on Wed Nov 06 22:10:23 MST 2019)
* Project:        alveo_hls4ml
* Solution:       solution
* Product family: virtexuplus
* Target device:  xcu50-fsvh2104-2L-e


================================================================
== Performance Estimates
================================================================
+ Timing: 
    * Summary: 
    +--------+---------+----------+------------+
    |  Clock |  Target | Estimated| Uncertainty|
    +--------+---------+----------+------------+
    |ap_clk  | 4.00 ns | 1.818 ns |   0.90 ns  |
    +--------+---------+----------+------------+

+ Latency: 
    * Summary: 
    +---------+---------+-----------+-----------+-----+-----+----------+
    |  Latency (cycles) |   Latency (absolute)  |  Interval | Pipeline |
    |   min   |   max   |    min    |    max    | min | max |   Type   |
    +---------+---------+-----------+-----------+-----+-----+----------+
    |        4|        4| 16.000 ns | 16.000 ns |    1|    1| function |
    +---------+---------+-----------+-----------+-----+-----+----------+

    + Detail: 
        * Instance: 
        +----------------------------------------------------------------------+------------------------------------------------------------+---------+---------+-----------+-----------+-----+-----+----------+
        |                                                                      |                                                            |  Latency (cycles) |   Latency (absolute)  |  Interval | Pipeline |
        |                               Instance                               |                           Module                           |   min   |   max   |    min    |    max    | min | max |   Type   |
        +----------------------------------------------------------------------+------------------------------------------------------------+---------+---------+-----------+-----------+-----+-----+----------+
        |grp_product_ap_fixed_ap_fixed_16_6_5_3_0_ap_fixed_16_6_5_3_0_s_fu_67  |product_ap_fixed_ap_fixed_16_6_5_3_0_ap_fixed_16_6_5_3_0_s  |        3|        3| 12.000 ns | 12.000 ns |    1|    1| function |
        |grp_product_ap_fixed_ap_fixed_16_6_5_3_0_ap_fixed_16_6_5_3_0_s_fu_74  |product_ap_fixed_ap_fixed_16_6_5_3_0_ap_fixed_16_6_5_3_0_s  |        3|        3| 12.000 ns | 12.000 ns |    1|    1| function |
        |grp_product_ap_fixed_ap_fixed_16_6_5_3_0_ap_fixed_16_6_5_3_0_s_fu_81  |product_ap_fixed_ap_fixed_16_6_5_3_0_ap_fixed_16_6_5_3_0_s  |        3|        3| 12.000 ns | 12.000 ns |    1|    1| function |
        +----------------------------------------------------------------------+------------------------------------------------------------+---------+---------+-----------+-----------+-----+-----+----------+

        * Loop: 
        N/A



================================================================
== Utilization Estimates
================================================================
* Summary: 
+---------------------+---------+-------+---------+--------+-----+
|         Name        | BRAM_18K| DSP48E|    FF   |   LUT  | URAM|
+---------------------+---------+-------+---------+--------+-----+
|DSP                  |        -|      -|        -|       -|    -|
|Expression           |        -|      -|        0|      54|    -|
|FIFO                 |        -|      -|        -|       -|    -|
|Instance             |        -|      3|      138|      27|    -|
|Memory               |        -|      -|        -|       -|    -|
|Multiplexer          |        -|      -|        -|      18|    -|
|Register             |        -|      -|       22|       -|    -|
+---------------------+---------+-------+---------+--------+-----+
|Total                |        0|      3|      160|      99|    0|
+---------------------+---------+-------+---------+--------+-----+
|Available SLR        |     1344|   2976|   871680|  435840|  320|
+---------------------+---------+-------+---------+--------+-----+
|Utilization SLR (%)  |        0|   ~0  |    ~0   |   ~0   |    0|
+---------------------+---------+-------+---------+--------+-----+
|Available            |     2688|   5952|  1743360|  871680|  640|
+---------------------+---------+-------+---------+--------+-----+
|Utilization (%)      |        0|   ~0  |    ~0   |   ~0   |    0|
+---------------------+---------+-------+---------+--------+-----+

+ Detail: 
    * Instance: 
    +----------------------------------------------------------------------+------------------------------------------------------------+---------+-------+----+----+-----+
    |                               Instance                               |                           Module                           | BRAM_18K| DSP48E| FF | LUT| URAM|
    +----------------------------------------------------------------------+------------------------------------------------------------+---------+-------+----+----+-----+
    |grp_product_ap_fixed_ap_fixed_16_6_5_3_0_ap_fixed_16_6_5_3_0_s_fu_67  |product_ap_fixed_ap_fixed_16_6_5_3_0_ap_fixed_16_6_5_3_0_s  |        0|      1|  46|   9|    0|
    |grp_product_ap_fixed_ap_fixed_16_6_5_3_0_ap_fixed_16_6_5_3_0_s_fu_74  |product_ap_fixed_ap_fixed_16_6_5_3_0_ap_fixed_16_6_5_3_0_s  |        0|      1|  46|   9|    0|
    |grp_product_ap_fixed_ap_fixed_16_6_5_3_0_ap_fixed_16_6_5_3_0_s_fu_81  |product_ap_fixed_ap_fixed_16_6_5_3_0_ap_fixed_16_6_5_3_0_s  |        0|      1|  46|   9|    0|
    +----------------------------------------------------------------------+------------------------------------------------------------+---------+-------+----+----+-----+
    |Total                                                                 |                                                            |        0|      3| 138|  27|    0|
    +----------------------------------------------------------------------+------------------------------------------------------------+---------+-------+----+----+-----+

    * DSP48E: 
    N/A

    * Memory: 
    N/A

    * FIFO: 
    N/A

    * Expression: 
    +----------------------------------+----------+-------+---+----+------------+------------+
    |           Variable Name          | Operation| DSP48E| FF| LUT| Bitwidth P0| Bitwidth P1|
    +----------------------------------+----------+-------+---+----+------------+------------+
    |add_ln703_1_fu_109_p2             |     +    |      0|  0|  16|          16|          10|
    |add_ln703_2_fu_115_p2             |     +    |      0|  0|  16|          16|          16|
    |add_ln703_fu_103_p2               |     +    |      0|  0|  16|          16|          16|
    |ap_block_pp0_stage0_01001         |    or    |      0|  0|   2|           1|           1|
    |ap_block_state1_pp0_stage0_iter0  |    or    |      0|  0|   2|           1|           1|
    |ap_enable_pp0                     |    xor   |      0|  0|   2|           1|           2|
    +----------------------------------+----------+-------+---+----+------------+------------+
    |Total                             |          |      0|  0|  54|          51|          46|
    +----------------------------------+----------+-------+---+----+------------+------------+

    * Multiplexer: 
    +---------+----+-----------+-----+-----------+
    |   Name  | LUT| Input Size| Bits| Total Bits|
    +---------+----+-----------+-----+-----------+
    |ap_done  |   9|          2|    1|          2|
    |res_V    |   9|          2|   16|         32|
    +---------+----+-----------+-----+-----------+
    |Total    |  18|          4|   17|         34|
    +---------+----+-----------+-----+-----------+

    * Register: 
    +-------------------------+----+----+-----+-----------+
    |           Name          | FF | LUT| Bits| Const Bits|
    +-------------------------+----+----+-----+-----------+
    |ap_CS_fsm                |   1|   0|    1|          0|
    |ap_done_reg              |   1|   0|    1|          0|
    |ap_enable_reg_pp0_iter1  |   1|   0|    1|          0|
    |ap_enable_reg_pp0_iter2  |   1|   0|    1|          0|
    |ap_enable_reg_pp0_iter3  |   1|   0|    1|          0|
    |ap_enable_reg_pp0_iter4  |   1|   0|    1|          0|
    |res_V_preg               |  16|   0|   16|          0|
    +-------------------------+----+----+-----+-----------+
    |Total                    |  22|   0|   22|          0|
    +-------------------------+----+----+-----+-----------+



================================================================
== Interface
================================================================
* Summary: 
+--------------+-----+-----+------------+---------------------------------------------------------------------------------+--------------+
|   RTL Ports  | Dir | Bits|  Protocol  |                                  Source Object                                  |    C Type    |
+--------------+-----+-----+------------+---------------------------------------------------------------------------------+--------------+
|ap_clk        |  in |    1| ap_ctrl_hs | dense_latency<ap_fixed<16, 6, 5, 3, 0>, ap_fixed<16, 6, 5, 3, 0>, config11>.0.0 | return value |
|ap_rst        |  in |    1| ap_ctrl_hs | dense_latency<ap_fixed<16, 6, 5, 3, 0>, ap_fixed<16, 6, 5, 3, 0>, config11>.0.0 | return value |
|ap_start      |  in |    1| ap_ctrl_hs | dense_latency<ap_fixed<16, 6, 5, 3, 0>, ap_fixed<16, 6, 5, 3, 0>, config11>.0.0 | return value |
|ap_done       | out |    1| ap_ctrl_hs | dense_latency<ap_fixed<16, 6, 5, 3, 0>, ap_fixed<16, 6, 5, 3, 0>, config11>.0.0 | return value |
|ap_continue   |  in |    1| ap_ctrl_hs | dense_latency<ap_fixed<16, 6, 5, 3, 0>, ap_fixed<16, 6, 5, 3, 0>, config11>.0.0 | return value |
|ap_idle       | out |    1| ap_ctrl_hs | dense_latency<ap_fixed<16, 6, 5, 3, 0>, ap_fixed<16, 6, 5, 3, 0>, config11>.0.0 | return value |
|ap_ready      | out |    1| ap_ctrl_hs | dense_latency<ap_fixed<16, 6, 5, 3, 0>, ap_fixed<16, 6, 5, 3, 0>, config11>.0.0 | return value |
|p_read        |  in |   15|   ap_none  |                                      p_read                                     |    scalar    |
|p_read1       |  in |   15|   ap_none  |                                     p_read1                                     |    scalar    |
|p_read2       |  in |   15|   ap_none  |                                     p_read2                                     |    scalar    |
|res_V         | out |   16|   ap_vld   |                                      res_V                                      |    pointer   |
|res_V_ap_vld  | out |    1|   ap_vld   |                                      res_V                                      |    pointer   |
+--------------+-----+-----+------------+---------------------------------------------------------------------------------+--------------+

