

================================================================
== Vivado HLS Report for 'normalize_0_0_0_0_0_0_0_0_0_0_0_0_0_0_0_0_0_0_0_0_0_0_0_0_0_0_0_0_0_0_0_0_0_0_0_s'
================================================================
* Date:           Wed Apr  5 19:39:48 2023

* Version:        2019.2 (Build 2704478 on Wed Nov 06 22:10:23 MST 2019)
* Project:        alveo_hls4ml
* Solution:       solution
* Product family: virtexuplus
* Target device:  xcu50-fsvh2104-2L-e


================================================================
== Performance Estimates
================================================================
+ Timing: 
    * Summary: 
    +--------+---------+----------+------------+
    |  Clock |  Target | Estimated| Uncertainty|
    +--------+---------+----------+------------+
    |ap_clk  | 4.00 ns | 2.551 ns |   0.90 ns  |
    +--------+---------+----------+------------+

+ Latency: 
    * Summary: 
    +---------+---------+----------+----------+-----+-----+----------+
    |  Latency (cycles) |  Latency (absolute) |  Interval | Pipeline |
    |   min   |   max   |    min   |    max   | min | max |   Type   |
    +---------+---------+----------+----------+-----+-----+----------+
    |        0|        0|   0 ns   |   0 ns   |    1|    1| function |
    +---------+---------+----------+----------+-----+-----+----------+

    + Detail: 
        * Instance: 
        N/A

        * Loop: 
        N/A



================================================================
== Utilization Estimates
================================================================
* Summary: 
+---------------------+---------+-------+---------+--------+-----+
|         Name        | BRAM_18K| DSP48E|    FF   |   LUT  | URAM|
+---------------------+---------+-------+---------+--------+-----+
|DSP                  |        -|      -|        -|       -|    -|
|Expression           |        -|     31|        0|     994|    -|
|FIFO                 |        -|      -|        -|       -|    -|
|Instance             |        -|      -|        -|       -|    -|
|Memory               |        -|      -|        -|       -|    -|
|Multiplexer          |        -|      -|        -|     288|    -|
|Register             |        -|      -|      498|       -|    -|
+---------------------+---------+-------+---------+--------+-----+
|Total                |        0|     31|      498|    1282|    0|
+---------------------+---------+-------+---------+--------+-----+
|Available SLR        |     1344|   2976|   871680|  435840|  320|
+---------------------+---------+-------+---------+--------+-----+
|Utilization SLR (%)  |        0|      1|    ~0   |   ~0   |    0|
+---------------------+---------+-------+---------+--------+-----+
|Available            |     2688|   5952|  1743360|  871680|  640|
+---------------------+---------+-------+---------+--------+-----+
|Utilization (%)      |        0|   ~0  |    ~0   |   ~0   |    0|
+---------------------+---------+-------+---------+--------+-----+

+ Detail: 
    * Instance: 
    N/A

    * DSP48E: 
    N/A

    * Memory: 
    N/A

    * FIFO: 
    N/A

    * Expression: 
    +--------------------------+----------+-------+---+----+------------+------------+
    |       Variable Name      | Operation| DSP48E| FF| LUT| Bitwidth P0| Bitwidth P1|
    +--------------------------+----------+-------+---+----+------------+------------+
    |mul_ln1192_10_fu_426_p2   |     *    |      1|  0|   6|          15|          11|
    |mul_ln1192_11_fu_429_p2   |     *    |      1|  0|   6|          15|          11|
    |mul_ln1192_12_fu_416_p2   |     *    |      1|  0|   6|          15|          11|
    |mul_ln1192_13_fu_401_p2   |     *    |      1|  0|   6|          15|          11|
    |mul_ln1192_14_fu_411_p2   |     *    |      1|  0|   6|          15|          11|
    |mul_ln1192_15_fu_427_p2   |     *    |      1|  0|   6|          15|          11|
    |mul_ln1192_16_fu_412_p2   |     *    |      1|  0|   6|          15|          11|
    |mul_ln1192_17_fu_422_p2   |     *    |      1|  0|   6|          15|          11|
    |mul_ln1192_18_fu_413_p2   |     *    |      1|  0|   6|          15|          11|
    |mul_ln1192_19_fu_417_p2   |     *    |      1|  0|   6|          15|          12|
    |mul_ln1192_20_fu_402_p2   |     *    |      1|  0|   6|          15|          11|
    |mul_ln1192_21_fu_428_p2   |     *    |      1|  0|   6|          15|          11|
    |mul_ln1192_22_fu_407_p2   |     *    |      1|  0|   6|          15|          11|
    |mul_ln1192_23_fu_408_p2   |     *    |      1|  0|   6|          15|          13|
    |mul_ln1192_24_fu_423_p2   |     *    |      1|  0|   6|          15|          11|
    |mul_ln1192_25_fu_420_p2   |     *    |      1|  0|   6|          15|          11|
    |mul_ln1192_26_fu_418_p2   |     *    |      1|  0|   6|          15|          13|
    |mul_ln1192_27_fu_409_p2   |     *    |      1|  0|   6|          15|          12|
    |mul_ln1192_28_fu_430_p2   |     *    |      1|  0|   6|          15|          11|
    |mul_ln1192_29_fu_415_p2   |     *    |      1|  0|   6|          15|          11|
    |mul_ln1192_30_fu_419_p2   |     *    |      1|  0|   6|          15|          11|
    |mul_ln1192_31_fu_403_p2   |     *    |      1|  0|   6|          15|          13|
    |mul_ln1192_32_fu_404_p2   |     *    |      1|  0|   6|          15|          12|
    |mul_ln1192_33_fu_406_p2   |     *    |      1|  0|   6|          15|          11|
    |mul_ln1192_34_fu_424_p2   |     *    |      1|  0|   6|          15|          11|
    |mul_ln1192_35_fu_425_p2   |     *    |      1|  0|   6|          15|          12|
    |mul_ln1192_36_fu_405_p2   |     *    |      1|  0|   6|          15|          11|
    |mul_ln1192_37_fu_410_p2   |     *    |      1|  0|   6|          15|          12|
    |mul_ln1192_8_fu_414_p2    |     *    |      1|  0|   6|          15|          11|
    |mul_ln1192_9_fu_400_p2    |     *    |      1|  0|   6|          15|          11|
    |mul_ln1192_fu_421_p2      |     *    |      1|  0|   6|          15|          11|
    |add_ln1192_10_fu_4519_p2  |     +    |      0|  0|  26|          26|          21|
    |add_ln1192_11_fu_4540_p2  |     +    |      0|  0|  26|          26|          19|
    |add_ln1192_12_fu_4561_p2  |     +    |      0|  0|  26|          26|          21|
    |add_ln1192_13_fu_4582_p2  |     +    |      0|  0|  26|          26|          18|
    |add_ln1192_14_fu_4603_p2  |     +    |      0|  0|  26|          26|          20|
    |add_ln1192_15_fu_4624_p2  |     +    |      0|  0|  26|          26|          20|
    |add_ln1192_16_fu_4645_p2  |     +    |      0|  0|  26|          26|          20|
    |add_ln1192_17_fu_4666_p2  |     +    |      0|  0|  26|          26|          21|
    |add_ln1192_18_fu_4687_p2  |     +    |      0|  0|  26|          26|          19|
    |add_ln1192_19_fu_4708_p2  |     +    |      0|  0|  26|          26|          22|
    |add_ln1192_20_fu_4729_p2  |     +    |      0|  0|  26|          26|          22|
    |add_ln1192_21_fu_4750_p2  |     +    |      0|  0|  26|          26|          18|
    |add_ln1192_22_fu_4771_p2  |     +    |      0|  0|  26|          26|          22|
    |add_ln1192_23_fu_4792_p2  |     +    |      0|  0|  26|          26|          20|
    |add_ln1192_24_fu_4813_p2  |     +    |      0|  0|  26|          26|          18|
    |add_ln1192_25_fu_4834_p2  |     +    |      0|  0|  26|          26|          21|
    |add_ln1192_26_fu_4855_p2  |     +    |      0|  0|  26|          26|          21|
    |add_ln1192_27_fu_4876_p2  |     +    |      0|  0|  26|          26|          20|
    |add_ln1192_28_fu_4897_p2  |     +    |      0|  0|  26|          26|          19|
    |add_ln1192_29_fu_4918_p2  |     +    |      0|  0|  26|          26|          20|
    |add_ln1192_30_fu_4939_p2  |     +    |      0|  0|  26|          26|          22|
    |add_ln1192_31_fu_4960_p2  |     +    |      0|  0|  26|          26|          19|
    |add_ln1192_32_fu_4981_p2  |     +    |      0|  0|  26|          26|          17|
    |add_ln1192_33_fu_5002_p2  |     +    |      0|  0|  26|          26|          17|
    |add_ln1192_34_fu_5023_p2  |     +    |      0|  0|  26|          26|          16|
    |add_ln1192_35_fu_5044_p2  |     +    |      0|  0|  26|          26|          21|
    |add_ln1192_36_fu_5065_p2  |     +    |      0|  0|  26|          26|          21|
    |add_ln1192_37_fu_5086_p2  |     +    |      0|  0|  26|          26|          22|
    |add_ln1192_38_fu_5107_p2  |     +    |      0|  0|  26|          26|          22|
    |add_ln1192_39_fu_5128_p2  |     +    |      0|  0|  26|          26|          22|
    |add_ln1192_fu_4498_p2     |     +    |      0|  0|  26|          26|          21|
    |ap_block_state1           |    or    |      0|  0|   2|           1|           1|
    +--------------------------+----------+-------+---+----+------------+------------+
    |Total                     |          |     31|  0| 994|        1272|         975|
    +--------------------------+----------+-------+---+----+------------+------------+

    * Multiplexer: 
    +--------------+----+-----------+-----+-----------+
    |     Name     | LUT| Input Size| Bits| Total Bits|
    +--------------+----+-----------+-----+-----------+
    |ap_done       |   9|          2|    1|          2|
    |ap_return_0   |   9|          2|   16|         32|
    |ap_return_1   |   9|          2|   16|         32|
    |ap_return_10  |   9|          2|   16|         32|
    |ap_return_11  |   9|          2|   16|         32|
    |ap_return_12  |   9|          2|   16|         32|
    |ap_return_13  |   9|          2|   16|         32|
    |ap_return_14  |   9|          2|   16|         32|
    |ap_return_15  |   9|          2|   16|         32|
    |ap_return_16  |   9|          2|   16|         32|
    |ap_return_17  |   9|          2|   16|         32|
    |ap_return_18  |   9|          2|   16|         32|
    |ap_return_19  |   9|          2|   16|         32|
    |ap_return_2   |   9|          2|   16|         32|
    |ap_return_20  |   9|          2|   16|         32|
    |ap_return_21  |   9|          2|   16|         32|
    |ap_return_22  |   9|          2|   16|         32|
    |ap_return_23  |   9|          2|   16|         32|
    |ap_return_24  |   9|          2|   16|         32|
    |ap_return_25  |   9|          2|   16|         32|
    |ap_return_26  |   9|          2|   16|         32|
    |ap_return_27  |   9|          2|   16|         32|
    |ap_return_28  |   9|          2|   16|         32|
    |ap_return_29  |   9|          2|   16|         32|
    |ap_return_3   |   9|          2|   16|         32|
    |ap_return_30  |   9|          2|   16|         32|
    |ap_return_4   |   9|          2|   16|         32|
    |ap_return_5   |   9|          2|   16|         32|
    |ap_return_6   |   9|          2|   16|         32|
    |ap_return_7   |   9|          2|   16|         32|
    |ap_return_8   |   9|          2|   16|         32|
    |ap_return_9   |   9|          2|   16|         32|
    +--------------+----+-----------+-----+-----------+
    |Total         | 288|         64|  497|        994|
    +--------------+----+-----------+-----+-----------+

    * Register: 
    +-------------------+----+----+-----+-----------+
    |        Name       | FF | LUT| Bits| Const Bits|
    +-------------------+----+----+-----+-----------+
    |ap_CS_fsm          |   1|   0|    1|          0|
    |ap_done_reg        |   1|   0|    1|          0|
    |ap_return_0_preg   |  16|   0|   16|          0|
    |ap_return_10_preg  |  16|   0|   16|          0|
    |ap_return_11_preg  |  16|   0|   16|          0|
    |ap_return_12_preg  |  16|   0|   16|          0|
    |ap_return_13_preg  |  16|   0|   16|          0|
    |ap_return_14_preg  |  16|   0|   16|          0|
    |ap_return_15_preg  |  16|   0|   16|          0|
    |ap_return_16_preg  |  16|   0|   16|          0|
    |ap_return_17_preg  |  16|   0|   16|          0|
    |ap_return_18_preg  |  16|   0|   16|          0|
    |ap_return_19_preg  |  16|   0|   16|          0|
    |ap_return_1_preg   |  16|   0|   16|          0|
    |ap_return_20_preg  |  16|   0|   16|          0|
    |ap_return_21_preg  |  16|   0|   16|          0|
    |ap_return_22_preg  |  16|   0|   16|          0|
    |ap_return_23_preg  |  16|   0|   16|          0|
    |ap_return_24_preg  |  16|   0|   16|          0|
    |ap_return_25_preg  |  16|   0|   16|          0|
    |ap_return_26_preg  |  16|   0|   16|          0|
    |ap_return_27_preg  |  16|   0|   16|          0|
    |ap_return_28_preg  |  16|   0|   16|          0|
    |ap_return_29_preg  |  16|   0|   16|          0|
    |ap_return_2_preg   |  16|   0|   16|          0|
    |ap_return_30_preg  |  16|   0|   16|          0|
    |ap_return_3_preg   |  16|   0|   16|          0|
    |ap_return_4_preg   |  16|   0|   16|          0|
    |ap_return_5_preg   |  16|   0|   16|          0|
    |ap_return_6_preg   |  16|   0|   16|          0|
    |ap_return_7_preg   |  16|   0|   16|          0|
    |ap_return_8_preg   |  16|   0|   16|          0|
    |ap_return_9_preg   |  16|   0|   16|          0|
    +-------------------+----+----+-----+-----------+
    |Total              | 498|   0|  498|          0|
    +-------------------+----+----+-----+-----------+



================================================================
== Interface
================================================================
* Summary: 
+--------------+-----+-----+------------+----------------------------------------------------------------------------------+--------------+
|   RTL Ports  | Dir | Bits|  Protocol  |                                   Source Object                                  |    C Type    |
+--------------+-----+-----+------------+----------------------------------------------------------------------------------+--------------+
|ap_clk        |  in |    1| ap_ctrl_hs | normalize.0.0.0.0.0.0.0.0.0.0.0.0.0.0.0.0.0.0.0.0.0.0.0.0.0.0.0.0.0.0.0.0.0.0.0. | return value |
|ap_rst        |  in |    1| ap_ctrl_hs | normalize.0.0.0.0.0.0.0.0.0.0.0.0.0.0.0.0.0.0.0.0.0.0.0.0.0.0.0.0.0.0.0.0.0.0.0. | return value |
|ap_start      |  in |    1| ap_ctrl_hs | normalize.0.0.0.0.0.0.0.0.0.0.0.0.0.0.0.0.0.0.0.0.0.0.0.0.0.0.0.0.0.0.0.0.0.0.0. | return value |
|ap_done       | out |    1| ap_ctrl_hs | normalize.0.0.0.0.0.0.0.0.0.0.0.0.0.0.0.0.0.0.0.0.0.0.0.0.0.0.0.0.0.0.0.0.0.0.0. | return value |
|ap_continue   |  in |    1| ap_ctrl_hs | normalize.0.0.0.0.0.0.0.0.0.0.0.0.0.0.0.0.0.0.0.0.0.0.0.0.0.0.0.0.0.0.0.0.0.0.0. | return value |
|ap_idle       | out |    1| ap_ctrl_hs | normalize.0.0.0.0.0.0.0.0.0.0.0.0.0.0.0.0.0.0.0.0.0.0.0.0.0.0.0.0.0.0.0.0.0.0.0. | return value |
|ap_ready      | out |    1| ap_ctrl_hs | normalize.0.0.0.0.0.0.0.0.0.0.0.0.0.0.0.0.0.0.0.0.0.0.0.0.0.0.0.0.0.0.0.0.0.0.0. | return value |
|ap_return_0   | out |   16| ap_ctrl_hs | normalize.0.0.0.0.0.0.0.0.0.0.0.0.0.0.0.0.0.0.0.0.0.0.0.0.0.0.0.0.0.0.0.0.0.0.0. | return value |
|ap_return_1   | out |   16| ap_ctrl_hs | normalize.0.0.0.0.0.0.0.0.0.0.0.0.0.0.0.0.0.0.0.0.0.0.0.0.0.0.0.0.0.0.0.0.0.0.0. | return value |
|ap_return_2   | out |   16| ap_ctrl_hs | normalize.0.0.0.0.0.0.0.0.0.0.0.0.0.0.0.0.0.0.0.0.0.0.0.0.0.0.0.0.0.0.0.0.0.0.0. | return value |
|ap_return_3   | out |   16| ap_ctrl_hs | normalize.0.0.0.0.0.0.0.0.0.0.0.0.0.0.0.0.0.0.0.0.0.0.0.0.0.0.0.0.0.0.0.0.0.0.0. | return value |
|ap_return_4   | out |   16| ap_ctrl_hs | normalize.0.0.0.0.0.0.0.0.0.0.0.0.0.0.0.0.0.0.0.0.0.0.0.0.0.0.0.0.0.0.0.0.0.0.0. | return value |
|ap_return_5   | out |   16| ap_ctrl_hs | normalize.0.0.0.0.0.0.0.0.0.0.0.0.0.0.0.0.0.0.0.0.0.0.0.0.0.0.0.0.0.0.0.0.0.0.0. | return value |
|ap_return_6   | out |   16| ap_ctrl_hs | normalize.0.0.0.0.0.0.0.0.0.0.0.0.0.0.0.0.0.0.0.0.0.0.0.0.0.0.0.0.0.0.0.0.0.0.0. | return value |
|ap_return_7   | out |   16| ap_ctrl_hs | normalize.0.0.0.0.0.0.0.0.0.0.0.0.0.0.0.0.0.0.0.0.0.0.0.0.0.0.0.0.0.0.0.0.0.0.0. | return value |
|ap_return_8   | out |   16| ap_ctrl_hs | normalize.0.0.0.0.0.0.0.0.0.0.0.0.0.0.0.0.0.0.0.0.0.0.0.0.0.0.0.0.0.0.0.0.0.0.0. | return value |
|ap_return_9   | out |   16| ap_ctrl_hs | normalize.0.0.0.0.0.0.0.0.0.0.0.0.0.0.0.0.0.0.0.0.0.0.0.0.0.0.0.0.0.0.0.0.0.0.0. | return value |
|ap_return_10  | out |   16| ap_ctrl_hs | normalize.0.0.0.0.0.0.0.0.0.0.0.0.0.0.0.0.0.0.0.0.0.0.0.0.0.0.0.0.0.0.0.0.0.0.0. | return value |
|ap_return_11  | out |   16| ap_ctrl_hs | normalize.0.0.0.0.0.0.0.0.0.0.0.0.0.0.0.0.0.0.0.0.0.0.0.0.0.0.0.0.0.0.0.0.0.0.0. | return value |
|ap_return_12  | out |   16| ap_ctrl_hs | normalize.0.0.0.0.0.0.0.0.0.0.0.0.0.0.0.0.0.0.0.0.0.0.0.0.0.0.0.0.0.0.0.0.0.0.0. | return value |
|ap_return_13  | out |   16| ap_ctrl_hs | normalize.0.0.0.0.0.0.0.0.0.0.0.0.0.0.0.0.0.0.0.0.0.0.0.0.0.0.0.0.0.0.0.0.0.0.0. | return value |
|ap_return_14  | out |   16| ap_ctrl_hs | normalize.0.0.0.0.0.0.0.0.0.0.0.0.0.0.0.0.0.0.0.0.0.0.0.0.0.0.0.0.0.0.0.0.0.0.0. | return value |
|ap_return_15  | out |   16| ap_ctrl_hs | normalize.0.0.0.0.0.0.0.0.0.0.0.0.0.0.0.0.0.0.0.0.0.0.0.0.0.0.0.0.0.0.0.0.0.0.0. | return value |
|ap_return_16  | out |   16| ap_ctrl_hs | normalize.0.0.0.0.0.0.0.0.0.0.0.0.0.0.0.0.0.0.0.0.0.0.0.0.0.0.0.0.0.0.0.0.0.0.0. | return value |
|ap_return_17  | out |   16| ap_ctrl_hs | normalize.0.0.0.0.0.0.0.0.0.0.0.0.0.0.0.0.0.0.0.0.0.0.0.0.0.0.0.0.0.0.0.0.0.0.0. | return value |
|ap_return_18  | out |   16| ap_ctrl_hs | normalize.0.0.0.0.0.0.0.0.0.0.0.0.0.0.0.0.0.0.0.0.0.0.0.0.0.0.0.0.0.0.0.0.0.0.0. | return value |
|ap_return_19  | out |   16| ap_ctrl_hs | normalize.0.0.0.0.0.0.0.0.0.0.0.0.0.0.0.0.0.0.0.0.0.0.0.0.0.0.0.0.0.0.0.0.0.0.0. | return value |
|ap_return_20  | out |   16| ap_ctrl_hs | normalize.0.0.0.0.0.0.0.0.0.0.0.0.0.0.0.0.0.0.0.0.0.0.0.0.0.0.0.0.0.0.0.0.0.0.0. | return value |
|ap_return_21  | out |   16| ap_ctrl_hs | normalize.0.0.0.0.0.0.0.0.0.0.0.0.0.0.0.0.0.0.0.0.0.0.0.0.0.0.0.0.0.0.0.0.0.0.0. | return value |
|ap_return_22  | out |   16| ap_ctrl_hs | normalize.0.0.0.0.0.0.0.0.0.0.0.0.0.0.0.0.0.0.0.0.0.0.0.0.0.0.0.0.0.0.0.0.0.0.0. | return value |
|ap_return_23  | out |   16| ap_ctrl_hs | normalize.0.0.0.0.0.0.0.0.0.0.0.0.0.0.0.0.0.0.0.0.0.0.0.0.0.0.0.0.0.0.0.0.0.0.0. | return value |
|ap_return_24  | out |   16| ap_ctrl_hs | normalize.0.0.0.0.0.0.0.0.0.0.0.0.0.0.0.0.0.0.0.0.0.0.0.0.0.0.0.0.0.0.0.0.0.0.0. | return value |
|ap_return_25  | out |   16| ap_ctrl_hs | normalize.0.0.0.0.0.0.0.0.0.0.0.0.0.0.0.0.0.0.0.0.0.0.0.0.0.0.0.0.0.0.0.0.0.0.0. | return value |
|ap_return_26  | out |   16| ap_ctrl_hs | normalize.0.0.0.0.0.0.0.0.0.0.0.0.0.0.0.0.0.0.0.0.0.0.0.0.0.0.0.0.0.0.0.0.0.0.0. | return value |
|ap_return_27  | out |   16| ap_ctrl_hs | normalize.0.0.0.0.0.0.0.0.0.0.0.0.0.0.0.0.0.0.0.0.0.0.0.0.0.0.0.0.0.0.0.0.0.0.0. | return value |
|ap_return_28  | out |   16| ap_ctrl_hs | normalize.0.0.0.0.0.0.0.0.0.0.0.0.0.0.0.0.0.0.0.0.0.0.0.0.0.0.0.0.0.0.0.0.0.0.0. | return value |
|ap_return_29  | out |   16| ap_ctrl_hs | normalize.0.0.0.0.0.0.0.0.0.0.0.0.0.0.0.0.0.0.0.0.0.0.0.0.0.0.0.0.0.0.0.0.0.0.0. | return value |
|ap_return_30  | out |   16| ap_ctrl_hs | normalize.0.0.0.0.0.0.0.0.0.0.0.0.0.0.0.0.0.0.0.0.0.0.0.0.0.0.0.0.0.0.0.0.0.0.0. | return value |
|p_read        |  in |   15|   ap_none  |                                      p_read                                      |    scalar    |
|p_read1       |  in |   15|   ap_none  |                                      p_read1                                     |    scalar    |
|p_read2       |  in |   15|   ap_none  |                                      p_read2                                     |    scalar    |
|p_read3       |  in |   15|   ap_none  |                                      p_read3                                     |    scalar    |
|p_read4       |  in |   15|   ap_none  |                                      p_read4                                     |    scalar    |
|p_read5       |  in |   15|   ap_none  |                                      p_read5                                     |    scalar    |
|p_read6       |  in |   15|   ap_none  |                                      p_read6                                     |    scalar    |
|p_read7       |  in |   15|   ap_none  |                                      p_read7                                     |    scalar    |
|p_read8       |  in |   15|   ap_none  |                                      p_read8                                     |    scalar    |
|p_read9       |  in |   15|   ap_none  |                                      p_read9                                     |    scalar    |
|p_read10      |  in |   15|   ap_none  |                                     p_read10                                     |    scalar    |
|p_read11      |  in |   15|   ap_none  |                                     p_read11                                     |    scalar    |
|p_read12      |  in |   15|   ap_none  |                                     p_read12                                     |    scalar    |
|p_read13      |  in |   15|   ap_none  |                                     p_read13                                     |    scalar    |
|p_read14      |  in |   15|   ap_none  |                                     p_read14                                     |    scalar    |
|p_read15      |  in |   15|   ap_none  |                                     p_read15                                     |    scalar    |
|p_read16      |  in |   15|   ap_none  |                                     p_read16                                     |    scalar    |
|p_read17      |  in |   15|   ap_none  |                                     p_read17                                     |    scalar    |
|p_read18      |  in |   15|   ap_none  |                                     p_read18                                     |    scalar    |
|p_read19      |  in |   15|   ap_none  |                                     p_read19                                     |    scalar    |
|p_read20      |  in |   15|   ap_none  |                                     p_read20                                     |    scalar    |
|p_read21      |  in |   15|   ap_none  |                                     p_read21                                     |    scalar    |
|p_read22      |  in |   15|   ap_none  |                                     p_read22                                     |    scalar    |
|p_read23      |  in |   15|   ap_none  |                                     p_read23                                     |    scalar    |
|p_read24      |  in |   15|   ap_none  |                                     p_read24                                     |    scalar    |
|p_read25      |  in |   15|   ap_none  |                                     p_read25                                     |    scalar    |
|p_read26      |  in |   15|   ap_none  |                                     p_read26                                     |    scalar    |
|p_read27      |  in |   15|   ap_none  |                                     p_read27                                     |    scalar    |
|p_read28      |  in |   15|   ap_none  |                                     p_read28                                     |    scalar    |
|p_read29      |  in |   15|   ap_none  |                                     p_read29                                     |    scalar    |
|p_read30      |  in |   15|   ap_none  |                                     p_read30                                     |    scalar    |
+--------------+-----+-----+------------+----------------------------------------------------------------------------------+--------------+

